gcc -g p5original.c
 gdb a.out
GNU gdb (Ubuntu 8.1.1-0ubuntu1) 8.1.1
Copyright (C) 2018 Free Software Foundation, Inc.
License GPLv3+: GNU GPL version 3 or later <http://gnu.org/licenses/gpl.html>
This is free software: you are free to change and redistribute it.
There is NO WARRANTY, to the extent permitted by law.  Type "show copying"
and "show warranty" for details.
This GDB was configured as "x86_64-linux-gnu".
Type "show configuration" for configuration details.
For bug reporting instructions, please see:
<http://www.gnu.org/software/gdb/bugs/>.
Find the GDB manual and other documentation resources online at:
<http://www.gnu.org/software/gdb/documentation/>.
For help, type "help".
Type "apropos word" to search for commands related to "word"...
Reading symbols from a.out...done.
(gdb) b mai
Function "mai" not defined.
Make breakpoint pending on future shared library load? (y or [n]) y
Breakpoint 1 (mai) pending.
(gdb) b main
Breakpoint 2 at 0x7f3: file p5original.c, line 23.
(gdb) r
Starting program: /home/runner/pps-test1-ankithk123/a.out 
warning: Error disabling address space randomization: Operation not permitted

Breakpoint 2, main () at p5original.c:23
23  {
(gdb) n
25    input(&a,&b,&c);
(gdb) n
enter a number10
20
30
26    cmp(a,b,c,&largest);
(gdb) n
27    output(largest);
(gdb) n
28    return 0;
(gdb) n
29  }(gdb) n
__libc_start_main (main=0x55750a4007eb <main>, argc=1, argv=0x7ffdca450d68, 
    init=<optimized out>, fini=<optimized out>, rtld_fini=<optimized out>, 
    stack_end=0x7ffdca450d58) at ../csu/libc-start.c:344
344 ../csu/libc-start.c: No such file or directory.
(gdb) n
the largest number in the given input is:30[Inferior 1 (process 48) exited normally]

 